2026-06-25 00:03:43,862 [INFO] 股票監控啟動 ✅
2026-06-25 00:03:43,862 [INFO] 台股清單：['2330.TW', '2317.TW', '2454.TW', '0050.TW']
2026-06-25 00:03:43,875 [INFO] 美股清單：['AAPL', 'TSLA', 'NVDA', 'MSFT']
2026-06-25 00:03:43,875 [INFO] 檢查間隔：300 秒（5 分鐘）
2026-06-25 00:03:43,875 [INFO] ══════ 開始檢查 ══════
2026-06-25 00:03:45,806 [INFO] 台股非交易時間，略過
2026-06-25 00:03:45,806 [INFO] 美股盤中，檢查 4 支股票
2026-06-25 00:03:47,013 [INFO]   AAPL          現價   298.83  漲跌 +1.41%
2026-06-25 00:03:47,476 [INFO]   TSLA          現價   380.89  漲跌 -0.41%
2026-06-25 00:03:47,979 [INFO]   NVDA          現價   200.71  漲跌 -0.09%
2026-06-25 00:03:48,479 [INFO]   MSFT          現價   373.70  漲跌 -0.08%
2026-06-25 00:08:48,480 [INFO] ══════ 開始檢查 ══════
2026-06-25 00:08:48,480 [INFO] 台股非交易時間，略過
2026-06-25 00:08:48,480 [INFO] 美股盤中，檢查 4 支股票
2026-06-25 00:08:48,901 [INFO]   AAPL          現價   298.86  漲跌 +1.42%
2026-06-25 00:08:49,217 [INFO]   TSLA          現價   380.91  漲跌 -0.41%
2026-06-25 00:08:49,665 [INFO]   NVDA          現價   200.76  漲跌 -0.07%
2026-06-25 00:08:50,003 [INFO]   MSFT          現價   373.96  漲跌 -0.01%
2026-06-25 00:13:50,014 [INFO] ══════ 開始檢查 ══════
2026-06-25 00:13:50,014 [INFO] 台股非交易時間，略過
2026-06-25 00:13:50,014 [INFO] 美股盤中，檢查 4 支股票
2026-06-25 00:13:50,397 [INFO]   AAPL          現價   298.77  漲跌 +1.39%
2026-06-25 00:13:50,702 [INFO]   TSLA          現價   381.50  漲跌 -0.25%
2026-06-25 00:13:51,032 [INFO]   NVDA          現價   200.87  漲跌 -0.01%
2026-06-25 00:13:51,378 [INFO]   MSFT          現價   374.18  漲跌 +0.05%
2026-06-25 00:18:51,379 [INFO] ══════ 開始檢查 ══════
2026-06-25 00:18:51,379 [INFO] 台股非交易時間，略過
2026-06-25 00:18:51,379 [INFO] 美股盤中，檢查 4 支股票
2026-06-25 00:18:51,815 [INFO]   AAPL          現價   298.51  漲跌 +1.30%
2026-06-25 00:18:52,130 [INFO]   TSLA          現價   381.34  漲跌 -0.29%
2026-06-25 00:18:52,460 [INFO]   NVDA          現價   200.84  漲跌 -0.03%
2026-06-25 00:18:52,802 [INFO]   MSFT          現價   374.24  漲跌 +0.07%
2026-06-25 00:23:52,803 [INFO] ══════ 開始檢查 ══════
2026-06-25 00:23:52,803 [INFO] 台股非交易時間，略過
2026-06-25 00:23:52,803 [INFO] 美股盤中，檢查 4 支股票
2026-06-25 00:23:53,621 [INFO]   AAPL          現價   298.25  漲跌 +1.21%
2026-06-25 00:23:53,937 [INFO]   TSLA          現價   381.67  漲跌 -0.21%
2026-06-25 00:23:54,376 [INFO]   NVDA          現價   200.88  漲跌 -0.01%
2026-06-25 00:23:54,708 [INFO]   MSFT          現價   373.55  漲跌 -0.12%
2026-06-25 00:28:54,713 [INFO] ══════ 開始檢查 ══════
2026-06-25 00:28:54,713 [INFO] 台股非交易時間，略過
2026-06-25 00:28:54,713 [INFO] 美股盤中，檢查 4 支股票
2026-06-25 00:28:55,157 [INFO]   AAPL          現價   298.13  漲跌 +1.17%
2026-06-25 00:28:55,486 [INFO]   TSLA          現價   381.59  漲跌 -0.23%
2026-06-25 00:28:55,816 [INFO]   NVDA          現價   200.70  漲跌 -0.10%
2026-06-25 00:28:56,163 [INFO]   MSFT          現價   373.29  漲跌 -0.19%
